***** External Functions *****
1    AddFontRegistrationToLog                           isrt.obl(Misc.obs)
2    AppSearch                                          isrt.obl(Driver.obs)
3    CCPSearch                                          isrt.obl(Driver.obs)
4    ChangeDirectory                                    isrt.obl(Files.obs)
5    CloseFile                                          isrt.obl(Files.obs)
6    CmdGetHwndDlg                                      isrt.obl(CustomDialog.obs)
7    ComponentAddFileToLog                              isrt.obl(component.obs)
8    ComponentCompareSizeRequired                       isrt.obl(component.obs)
9    ComponentGetData                                   isrt.obl(component.obs)
10   ComponentGetTotalCost                              isrt.obl(component.obs)
11   ComponentIsItemSelected                            isrt.obl(component.obs)
12   ComponentListItems                                 isrt.obl(component.obs)
13   ComponentSelectItem                                isrt.obl(component.obs)
14   ComponentTreeInit                                  isrt.obl(Dialogs.obs)
15   CreateDir                                          isrt.obl(Files.obs)
16   CreateFile                                         isrt.obl(Files.obs)
17   CreateInstallationInfo                             isrt.obl(Registry.obs)
18   CreateRegistrySet                                  isrt.obl(Feature.obs)
19   CtrlGetDlgItem                                     isrt.obl(CustomDialog.obs)
20   CtrlGetNotificationCode                            isrt.obl(CustomDialog.obs)
21   CtrlGetState                                       isrt.obl(CustomDialog.obs)
22   CtrlGetText                                        isrt.obl(CustomDialog.obs)
23   CtrlSelectText                                     isrt.obl(CustomDialog.obs)
24   CtrlSetMLEText                                     isrt.obl(CustomDialog.obs)
25   CtrlSetState                                       isrt.obl(CustomDialog.obs)
26   CtrlSetText                                        isrt.obl(CustomDialog.obs)
27   DIFxDriverPackageUninstall                         isrt.obl(ISDIFx.obs)
28   DRMINSTALLERPRO.DRMInstallPRO                      isrt.obl(Activation.obs)
29   DRMINSTALLERPRO.DRMUnInstallPRO                    isrt.obl(Activation.obs)
30   DefineDialog                                       isrt.obl(CustomDialog.obs)
31   Delay                                              isrt.obl(Misc.obs)
32   DeleteFile                                         isrt.obl(Files.obs)
33   DeleteSingleFile                                   isrt.obl(Files.obs)
34   DialogSetDefaultFont                               isrt.obl(Dialogs.obs)
35   DialogSetFont                                      isrt.obl(Dialogs.obs)
36   DialogSetInfo                                      isrt.obl(Dialogs.obs)
37   Disable                                            isrt.obl(Enable.obs)
38   DllSizeOf                                          isrt.obl(Str.obs)
39   Do                                                 isrt.obl(Misc.obs)
40   Enable                                             isrt.obl(Enable.obs)
41   EndCurrentDialog                                   isrt.obl(Dialogs.obs)
42   EndDialog                                          isrt.obl(CustomDialog.obs)
43   EnterDisk                                          isrt.obl(ISRTScriptDialogs.obs)
44   EnterDiskError                                     isrt.obl(ISRTScriptDialogs.obs)
45   EnterPassword                                      isrt.obl(ISRTScriptDialogs.obs)
46   ExistsDir                                          isrt.obl(Files.obs)
47   ExistsDisk                                         isrt.obl(Files.obs)
48   ExitInstall                                        isrt.obl(Driver.obs)
49   EzDefineDialog                                     isrt.obl(CustomDialog.obs)
50   FeatureAddFileToLog                                isrt.obl(Feature.obs)
51   FeatureCompareSizeRequired                         isrt.obl(Feature.obs)
52   FeatureErrorInfo                                   isrt.obl(Feature.obs)
53   FeatureFilterLanguage                              isrt.obl(Feature.obs)
54   FeatureFilterOS                                    isrt.obl(Feature.obs)
55   FeatureGetData                                     isrt.obl(Feature.obs)
56   FeatureGetTotalCost                                isrt.obl(Feature.obs)
57   FeatureIsItemSelected                              isrt.obl(Feature.obs)
58   FeatureListItems                                   isrt.obl(Feature.obs)
59   FeaturePatch                                       isrt.obl(Feature.obs)
60   FeatureReinstall                                   isrt.obl(Feature.obs)
61   FeatureRemoveAllInLogOnly                          isrt.obl(Feature.obs)
62   FeatureRemoveAllInMedia                            isrt.obl(Feature.obs)
63   FeatureRemoveAllInMediaAndLog                      isrt.obl(Feature.obs)
64   FeatureSaveTarget                                  isrt.obl(Feature.obs)
65   FeatureSelectItem                                  isrt.obl(Feature.obs)
66   FeatureSelectNew                                   isrt.obl(Feature.obs)
67   FeatureSetTarget                                   isrt.obl(Feature.obs)
68   FeatureTransferData                                isrt.obl(Feature.obs)
69   FeatureUpdate                                      isrt.obl(Feature.obs)
70   FeatureValidate                                    isrt.obl(Feature.obs)
71   FinalConstruct                                     ifx.obl(EventsPriv.obs)
72   FinalRelease                                       ifx.obl(EventsPriv.obs)
73   FindFile                                           isrt.obl(Files.obs)
74   FormatMessage                                      isrt.obl(Misc.obs)
75   GDI32.AddFontResource                              Setup.obs
76   GDI32.CreateRectRgn                                Setup.obs
77   GDI32.GetDeviceCaps                                Setup.obs
78   GDI32.RemoveFontResource                           Setup.obs
79   GetAddRemove                                       isrt.obl(SysVars.obs)
80   GetBillboard                                       isrt.obl(SysVars.obs)
81   GetCurrentDialogName                               isrt.obl(Dialogs.obs)
82   GetCurrentDir                                      isrt.obl(Files.obs)
83   GetDialogTitle                                     isrt.obl(Dialogs.obs)
84   GetDir                                             isrt.obl(Str.obs)
85   GetDisk                                            isrt.obl(Str.obs)
86   GetDiskSpace                                       isrt.obl(GSI.obs)
87   GetDiskSpaceEx                                     isrt.obl(GSI.obs)
88   GetEnabledIServices                                isrt.obl(SysVars.obs)
89   GetErrorMsg                                        isrt.obl(Dialogs.obs)
90   GetErrorTitle                                      isrt.obl(Dialogs.obs)
91   GetExtents                                         isrt.obl(GSI.obs)
92   GetFolderApplications                              isrt.obl(SysVars.obs)
93   GetFolderApplications64                            isrt.obl(SysVars.obs)
94   GetFolderDesktop                                   isrt.obl(SysVars.obs)
95   GetFolderDotNet10                                  isrt.obl(SysVars.obs)
96   GetFolderDotNet11                                  isrt.obl(SysVars.obs)
97   GetFolderDotNet20                                  isrt.obl(SysVars.obs)
98   GetFolderFonts                                     isrt.obl(SysVars.obs)
99   GetISRes                                           isrt.obl(SysVars.obs)
100  GetInstallScriptMSI                                isrt.obl(SysVars.obs)
101  GetInstanceGUID                                    isrt.obl(SysVars.obs)
102  GetKeyPathWinCurrVerAuto                           isrt.obl(SysVars.obs)
103  GetLog                                             isrt.obl(SysVars.obs)
104  GetLogEx                                           isrt.obl(SysVars.obs)
105  GetMaintOption                                     isrt.obl(SysVars.obs)
106  GetMaintenance                                     isrt.obl(SysVars.obs)
107  GetMultiInstanceCount                              isrt.obl(SysVars.obs)
108  GetOpenFileMode                                    isrt.obl(Files.obs)
109  GetPackageLocation                                 isrt.obl(SysVars.obs)
110  GetProductGUID                                     isrt.obl(SysVars.obs)
111  GetProfInt                                         isrt.obl(Profile.obs)
112  GetProfSectionKeyCount                             isrt.obl(Profile.obs)
113  GetProfString                                      isrt.obl(Profile.obs)
114  GetProfStringList                                  isrt.obl(Profile.obs)
115  GetProgramFiles                                    isrt.obl(SysVars.obs)
116  GetReinstallMode                                   isrt.obl(SysVars.obs)
117  GetRemoveAllMode                                   isrt.obl(SysVars.obs)
118  GetRemoveOnly                                      isrt.obl(SysVars.obs)
119  GetSelectedTreeComponent                           isrt.obl(CmptView.obs)
120  GetShowPasswordDialog                              isrt.obl(SysVars.obs)
121  GetStandardSelectedLanguage                        isrt.obl(SysVars.obs)
122  GetSupportDir                                      isrt.obl(SysVars.obs)
123  GetSystemInfo                                      isrt.obl(GSI.obs)
124  GetTempFolder                                      isrt.obl(SysVars.obs)
125  GetTrueTypeFontFileInfo                            isrt.obl(Misc.obs)
126  GetUserSelectableAuto                              isrt.obl(SysVars.obs)
127  GetWinDir                                          isrt.obl(SysVars.obs)
128  GetWinSysDir                                       isrt.obl(SysVars.obs)
129  GetWindowHandle                                    isrt.obl(Misc.obs)
130  HIWORD                                             isrt.obl(Misc.obs)
131  ISDeterminePlatform                                isrt.obl(OsInfo.obs)
132  ISMIF32.InstallStatusMIF                           isrt.obl(MIF.obs)
133  ISRT.ComponentViewSetInfoEx                        isrt.obl(Dialogs.obs)
134  ISRT.EnableHourGlass                               isrt.obl(Enable.obs)
135  ISRT.GetCPUType                                    isrt.obl(GSI.obs)
136  ISRT.GetFontSub                                    isrt.obl(Dialogs.obs)
137  ISRT.GetHandle                                     Setup.obs
138  ISRT.GetPorts                                      isrt.obl(GSI.obs)
139  ISRT.IsEmpty                                       Setup.obs
140  ISRT.IsNTAdmin                                     isrt.obl(Is.obs)
141  ISRT.IsObject                                      Setup.obs
142  ISRT.IsPowerUser                                   isrt.obl(Is.obs)
143  ISRT.LangLoadString                                isrt.obl(SDINT.obs)
144  ISRT.MessageBeepP                                  Setup.obs
145  ISRT.PathCompactPathPixel                          isrt.obl(CustomDialog.obs)
146  ISRT.PathGetDir                                    isrt.obl(Str.obs)
147  ISRT.PathGetDrive                                  isrt.obl(Str.obs)
148  ISRT.PathGetFile                                   isrt.obl(Files.obs)
149  ISRT.PathGetFileExt                                isrt.obl(Str.obs)
150  ISRT.PathGetFileName                               isrt.obl(Str.obs)
151  ISRT.PathGetLongFromShort                          isrt.obl(Str.obs)
152  ISRT.PathGetPath                                   isrt.obl(Str.obs)
153  ISRT.PathIsValidSyntax                             isrt.obl(Is.obs)
154  ISRT.VerGetFileVersion                             Setup.obs
155  ISRT._AppSearch                                    Setup.obs
156  ISRT._BrowseForFolder                              isrt.obl(ISRTScriptDialogsPriv.obs)
157  ISRT._CCPSearch                                    Setup.obs
158  ISRT._CleanupInet                                  isrt.obl(MIO.obs)
159  ISRT._CloseFile                                    isrt.obl(Files.obs)
160  ISRT._CmdGetHwndDlg                                isrt.obl(CustomDialog.obs)
161  ISRT._CompareDWORD                                 isrt.obl(Extend.obs)
162  ISRT._ComponentCompareSizeRequired                 isrt.obl(Feature.obs)
163  ISRT._ComponentErrorInfo                           isrt.obl(Feature.obs)
164  ISRT._ComponentFilterLanguage                      isrt.obl(Feature.obs)
165  ISRT._ComponentFilterOS                            isrt.obl(Feature.obs)
166  ISRT._ComponentGetData                             isrt.obl(Feature.obs)
167  ISRT._ComponentGetTotalCost                        isrt.obl(Feature.obs)
168  ISRT._ComponentGetTotalCostEx                      Setup.obs
169  ISRT._ComponentIsItemSelected                      isrt.obl(Feature.obs)
170  ISRT._ComponentListItems                           isrt.obl(Feature.obs)
171  ISRT._ComponentPatch                               isrt.obl(Feature.obs)
172  ISRT._ComponentReinstall                           isrt.obl(Feature.obs)
173  ISRT._ComponentRemoveAll                           isrt.obl(Feature.obs)
174  ISRT._ComponentRemoveAllInLogOnly                  isrt.obl(Feature.obs)
175  ISRT._ComponentSaveTarget                          isrt.obl(Feature.obs)
176  ISRT._ComponentSelectItem                          isrt.obl(Feature.obs)
177  ISRT._ComponentSelectNew                           isrt.obl(Feature.obs)
178  ISRT._ComponentTransferData                        isrt.obl(Feature.obs)
179  ISRT._ComponentUpdate                              isrt.obl(Feature.obs)
180  ISRT._ComponentValidate                            isrt.obl(Feature.obs)
181  ISRT._CreateDir                                    isrt.obl(Files.obs)
182  ISRT._CreateRegistrySet                            isrt.obl(Feature.obs)
183  ISRT._CtrlGetNotificationCode                      isrt.obl(CustomDialog.obs)
184  ISRT._CtrlSetHtmlContent                           isrt.obl(CustomDialog.obs)
185  ISRT._CtrlSetMLERichText                           isrt.obl(CustomDialog.obs)
186  ISRT._DIFxDriverPackageUninstall                   isrt.obl(ISDIFx.obs)
187  ISRT._DefineDialog                                 isrt.obl(CustomDialog.obs)
188  ISRT._DialogSetFont                                isrt.obl(Dialogs.obs)
189  ISRT._DisableStatus                                isrt.obl(Enable.obs)
190  ISRT._DoSprintf                                    isrt.obl(ISRTScriptDialogsPriv.obs)
191  ISRT._EnableDialogCache                            isrt.obl(Enable.obs)
192  ISRT._EnablePrevDialog                             Setup.obs
193  ISRT._EnableSkins                                  isrt.obl(Enable.obs)
194  ISRT._EnableStatus                                 isrt.obl(Enable.obs)
195  ISRT._EnableWow64FsRedirection                     isrt.obl(Enable.obs)
196  ISRT._EndDialog                                    isrt.obl(CustomDialog.obs)
197  ISRT._ExistsDir                                    isrt.obl(Files.obs)
198  ISRT._ExistsDisk                                   isrt.obl(Files.obs)
199  ISRT._ExistsFile                                   isrt.obl(Files.obs)
200  ISRT._ExitInstall                                  Setup.obs
201  ISRT._GetCurrentDialogName                         isrt.obl(Dialogs.obs)
202  ISRT._GetDiskSpaceEx                               isrt.obl(GSI.obs)
203  ISRT._GetDiskSpaceExEx                             Setup.obs
204  ISRT._GetGlobalMemorySize                          isrt.obl(GSI.obs)
205  ISRT._GetProcessorInfo                             isrt.obl(OsInfo.obs)
206  ISRT._GetRunningChildProcessEx2                    isrt.obl(Extend.obs)
207  ISRT._GetSelectedTreeComponent                     isrt.obl(CmptView.obs)
208  ISRT._GetStandardLangId                            isrt.obl(Misc.obs)
209  ISRT._GetSupportDir                                isrt.obl(SysVars.obs)
210  ISRT._GetTrueTypeFontFileInfo                      isrt.obl(Misc.obs)
211  ISRT._GetVirtualMachineType                        isrt.obl(GSI.obs)
212  ISRT._InetEndofTransfer                            isrt.obl(iftw.obs)
213  ISRT._InetGetNextDisk                              isrt.obl(iftw.obs)
214  ISRT._InitInstall                                  Setup.obs
215  ISRT._IsFontTypefaceNameAvailable                  isrt.obl(Is.obs)
216  ISRT._IsInAdminGroup                               isrt.obl(Is.obs)
217  ISRT._IsLangSupported                              isrt.obl(Is.obs)
218  ISRT._IsSkinLoaded                                 isrt.obl(Is.obs)
219  ISRT._IsVirtualMachine                             isrt.obl(OsInfo.obs)
220  ISRT._IsWindowsME                                  isrt.obl(GSI.obs)
221  ISRT._IsWow64                                      isrt.obl(OsInfo.obs)
222  ISRT._ListAddItem                                  isrt.obl(scrlist.obs)
223  ISRT._ListAddString                                isrt.obl(scrlist.obs)
224  ISRT._ListCount                                    isrt.obl(scrlist.obs)
225  ISRT._ListCreate                                   isrt.obl(scrlist.obs)
226  ISRT._ListCurrentString                            isrt.obl(scrlist.obs)
227  ISRT._ListDeleteItem                               isrt.obl(scrlist.obs)
228  ISRT._ListDeleteString                             isrt.obl(scrlist.obs)
229  ISRT._ListDestroy                                  isrt.obl(scrlist.obs)
230  ISRT._ListFindString                               isrt.obl(scrlist.obs)
231  ISRT._ListGetFirstItem                             isrt.obl(scrlist.obs)
232  ISRT._ListGetFirstString                           isrt.obl(scrlist.obs)
233  ISRT._ListGetNextItem                              isrt.obl(scrlist.obs)
234  ISRT._ListGetNextString                            isrt.obl(scrlist.obs)
235  ISRT._ListGetType                                  isrt.obl(scrlist.obs)
236  ISRT._ListReadFromFile                             isrt.obl(scrlist.obs)
237  ISRT._ListSetIndex                                 isrt.obl(scrlist.obs)
238  ISRT._MediaGetFilteringInfo                        isrt.obl(Feature.obs)
239  ISRT._MediaGetInfo                                 isrt.obl(Feature.obs)
240  ISRT._OnUninstPriv                                 Setup.obs
241  ISRT._OpenFile                                     isrt.obl(Files.obs)
242  ISRT._Preprogram                                   Setup.obs
243  ISRT._PrintFile                                    isrt.obl(Files.obs)
244  ISRT._Rebooted                                     Setup.obs
245  ISRT._RegCreateKey                                 isrt.obl(Registry.obs)
246  ISRT._RegDeleteValue                               isrt.obl(Registry.obs)
247  ISRT._RegEnableTextSubs                            isrt.obl(Enable.obs)
248  ISRT._RegEnum                                      isrt.obl(Registry.obs)
249  ISRT._RegExistsKey                                 isrt.obl(Registry.obs)
250  ISRT._RegGetOptions                                isrt.obl(SysVars.obs)
251  ISRT._RegIsRemoteRegConnected                      isrt.obl(Is.obs)
252  ISRT._RegQueryKeyBinaryValue                       isrt.obl(Registry.obs)
253  ISRT._RegQueryKeyValue                             isrt.obl(Registry.obs)
254  ISRT._RegSetKeyBinaryValue                         isrt.obl(Registry.obs)
255  ISRT._RegSetKeyValue                               isrt.obl(Registry.obs)
256  ISRT._RegSetOptions                                isrt.obl(SysVars.obs)
257  ISRT._ReleaseDialog                                isrt.obl(CustomDialog.obs)
258  ISRT._SdShowMsg                                    isrt.obl(ISRTScriptDialogsPriv.obs)
259  ISRT._SetAltMainImage                              isrt.obl(Dialogs.obs)
260  ISRT._SetDisplayEffect                             isrt.obl(ui.obs)
261  ISRT._SetPaletteFile                               isrt.obl(MIO.obs)
262  ISRT._SetSilentSdShowMsg                           isrt.obl(Enable.obs)
263  ISRT._SetTitle                                     isrt.obl(ui.obs)
264  ISRT._SetupInet                                    isrt.obl(MIO.obs)
265  ISRT._SetupTraceWrite                              isrt.obl(Misc.obs)
266  ISRT._ShowObjWizardPages                           isrt.obl(Objects.obs)
267  ISRT._ShowWizardPages                              Setup.obs
268  ISRT._StatusUpdate                                 isrt.obl(ui.obs)
269  ISRT._TreeViewCreate                               isrt.obl(CmptView.obs)
270  ISRT._WaitOnDialog                                 isrt.obl(CustomDialog.obs)
271  ISRT._WriteLine                                    isrt.obl(Files.obs)
272  ISRT.__CreateObjectContext                         isrt.obl(ISRTInit.obs)
273  ISRT.__GetCmdLineOptions                           isrt.obl(ISRTInit.obs)
274  ISRT.__GetContextGUID                              isrt.obl(ISRTInit.obs)
275  ISRT.__GetEnabledIServices                         isrt.obl(SysVars.obs)
276  ISRT.__GetFileRegistrar                            isrt.obl(ISRTInit.obs)
277  ISRT.__GetInfo                                     isrt.obl(ISRTInit.obs)
278  ISRT.__GetInstallGuid                              isrt.obl(SysVars.obs)
279  ISRT.__GetLog                                      isrt.obl(SysVars.obs)
280  ISRT.__GetLogDB                                    isrt.obl(ISRTInit.obs)
281  ISRT.__GetLogEx                                    isrt.obl(SysVars.obs)
282  ISRT.__GetMainWindow                               Setup.obs
283  ISRT.__GetMaintOption                              isrt.obl(SysVars.obs)
284  ISRT.__GetMaintenanceMode                          isrt.obl(SysVars.obs)
285  ISRT.__GetObjects                                  isrt.obl(ISRTInit.obs)
286  ISRT.__GetProductGuid                              isrt.obl(SysVars.obs)
287  ISRT.__GetProgress                                 Setup.obs
288  ISRT.__GetReboot                                   isrt.obl(ISRTInit.obs)
289  ISRT.__GetReinstallMode                            isrt.obl(SysVars.obs)
290  ISRT.__GetRemoveAllMode                            isrt.obl(SysVars.obs)
291  ISRT.__GetTextSub                                  isrt.obl(ISRTInit.obs)
292  ISRT.__GetUpdateMode                               isrt.obl(SysVars.obs)
293  ISRT.__GetUser                                     isrt.obl(MIO.obs)
294  ISRT.__ISRTGetPropertyBag                          ifx.obl(PersistPropertyBag.obs)
295  ISRT.__ISRTReleasePropertyBag                      ifx.obl(PersistPropertyBag.obs)
296  ISRT.__LoadString                                  isrt.obl(LoadStr.obs)
297  ISRT.__PutEnabledIServices                         isrt.obl(Enable.obs)
298  ISRT.__ReleaseObjectContext                        isrt.obl(ISRTInit.obs)
299  ISRT.__RestoreMainLog                              isrt.obl(ISRTInit.obs)
300  ISRT.__RestoreMainLogEx                            isrt.obl(ISRTInit.obs)
301  ISRT.__SetComponentLog                             isrt.obl(ISRTInit.obs)
302  ISRT.__SetUpdateMode                               isrt.obl(SysVars.obs)
303  ISRTHandleScriptException                          isrt.obl(Misc.obs)
304  ISRTOnUninstPriv                                   isrt.obl(Driver.obs)
305  ISRTPreprogram                                     isrt.obl(Driver.obs)
306  IfxFilterComponents                                ifx.obl(EventsSetupPriv.obs)
307  IfxFinalConstruct                                  ifx.obl(EventsSetupPriv.obs)
308  IfxFinalRelease                                    ifx.obl(EventsSetupPriv.obs)
309  IfxInitProperties                                  ifx.obl(PersistPropertyBag.obs)
310  IfxOnAbortInstall                                  ifx.obl(EventsPriv.obs)
311  IfxOnAppSearch                                     ifx.obl(EventsPriv.obs)
312  IfxOnCCPSearch                                     ifx.obl(EventsPriv.obs)
313  IfxOnCanceling                                     ifx.obl(EventsPriv.obs)
314  IfxOnDisk1Installed                                ifx.obl(EventsSetupPriv.obs)
315  IfxOnDisk1Installing                               ifx.obl(EventsSetupPriv.obs)
316  IfxOnExitInstall                                   ifx.obl(EventsSetupPriv.obs)
317  IfxOnFileError                                     ifx.obl(EventsSetupPriv.obs)
318  IfxOnFileLocked                                    ifx.obl(EventsSetupPriv.obs)
319  IfxOnFileReadOnly                                  ifx.obl(EventsSetupPriv.obs)
320  IfxOnGeneralScriptOp                               ifx.obl(EventsPriv.obs)
321  IfxOnHelp                                          ifx.obl(EventsPriv.obs)
322  IfxOnInitInstall                                   ifx.obl(EventsSetupPriv.obs)
323  IfxOnInternetError                                 ifx.obl(EventsSetupPriv.obs)
324  IfxOnMD5Error                                      ifx.obl(EventsSetupPriv.obs)
325  IfxOnNextDisk                                      ifx.obl(EventsSetupPriv.obs)
326  IfxOnRebooted                                      ifx.obl(EventsPriv.obs)
327  IfxOnRemovingSharedFile                            ifx.obl(EventsSetupPriv.obs)
328  IfxOnShowWizardPages                               ifx.obl(EventsSetupPriv.obs)
329  IfxOnTransferred                                   ifx.obl(EventsPriv.obs)
330  IfxOnTransferring                                  ifx.obl(EventsSetupPriv.obs)
331  IfxOnUnhandledException                            ifx.obl(EventsPriv.obs)
332  IfxOnUninst                                        ifx.obl(EventsSetupPriv.obs)
333  IfxOnUninstPriv                                    ifx.obl(EventsSetupPriv.obs)
334  IfxPostprogram                                     ifx.obl(EventsSetupPriv.obs)
335  IfxPreprogram                                      ifx.obl(EventsSetupPriv.obs)
336  IfxReadProperties                                  ifx.obl(PersistPropertyBag.obs)
337  IfxRunAfterReboot                                  ifx.obl(EventsSetupPriv.obs)
338  IfxWriteProperties                                 ifx.obl(PersistPropertyBag.obs)
339  InetEndofTransfer                                  isrt.obl(iftw.obs)
340  InetNextDisk                                       isrt.obl(iftw.obs)
341  InitInstall                                        isrt.obl(Driver.obs)
342  InitProperties                                     ifx.obl(PersistPropertyBag.obs)
343  Is                                                 isrt.obl(Is.obs)
344  IsInetInstall                                      isrt.obl(iftw.obs)
345  KERNEL.GetModuleHandle                             Setup.obs
346  KERNEL32.CloseHandle                               Setup.obs
347  KERNEL32.CreateFileA                               Setup.obs
348  KERNEL32.CreateProcess                             Setup.obs
349  KERNEL32.DeleteFileA                               Setup.obs
350  KERNEL32.FindClose                                 Setup.obs
351  KERNEL32.FindFirstFileA                            Setup.obs
352  KERNEL32.FindNextFileA                             Setup.obs
353  KERNEL32.FormatMessageA                            Setup.obs
354  KERNEL32.FreeLibrary                               Setup.obs
355  KERNEL32.GetCurrentDirectoryA                      Setup.obs
356  KERNEL32.GetDriveType                              Setup.obs
357  KERNEL32.GetExitCodeProcess                        Setup.obs
358  KERNEL32.GetFileAttributesA                        Setup.obs
359  KERNEL32.GetLocalTime                              Setup.obs
360  KERNEL32.GetLocaleInfo                             Setup.obs
361  KERNEL32.GetPrivateProfileIntA                     Setup.obs
362  KERNEL32.GetPrivateProfileSectionA                 Setup.obs
363  KERNEL32.GetPrivateProfileString                   Setup.obs
364  KERNEL32.GetPrivateProfileStringA                  Setup.obs
365  KERNEL32.GetProcAddress                            Setup.obs
366  KERNEL32.GetProcessId                              Setup.obs
367  KERNEL32.GetProfileIntA                            Setup.obs
368  KERNEL32.GetProfileStringA                         Setup.obs
369  KERNEL32.GetSystemDefaultLCID                      Setup.obs
370  KERNEL32.GetSystemDefaultLangID                    Setup.obs
371  KERNEL32.GetSystemDefaultUILanguage                Setup.obs
372  KERNEL32.GetTickCount                              Setup.obs
373  KERNEL32.GetUserDefaultLangID                      Setup.obs
374  KERNEL32.GetVersion                                Setup.obs
375  KERNEL32.GetVersionEx                              Setup.obs
376  KERNEL32.GetVolumeInformation                      Setup.obs
377  KERNEL32.GetWindowsDirectory                       Setup.obs
378  KERNEL32.LoadLibraryA                              Setup.obs
379  KERNEL32.SetCurrentDirectoryA                      Setup.obs
380  KERNEL32.SetFileAttributesA                        Setup.obs
381  KERNEL32.Sleep                                     Setup.obs
382  KERNEL32.WritePrivateProfileString                 Setup.obs
383  KERNEL32.WritePrivateProfileStringA                Setup.obs
384  KERNEL32.WriteProfileStringA                       Setup.obs
385  KERNEL32.lstrlen                                   Setup.obs
386  LOWORD                                             isrt.obl(Misc.obs)
387  LaunchAppAndWait                                   isrt.obl(Extend.obs)
388  LaunchAppAndWaitInitStartupInfo                    isrt.obl(Extend.obs)
389  LaunchApplication                                  isrt.obl(Extend.obs)
390  LaunchApplicationInit                              isrt.obl(Extend.obs)
391  ListAddItem                                        isrt.obl(scrlist.obs)
392  ListAddString                                      isrt.obl(scrlist.obs)
393  ListCount                                          isrt.obl(scrlist.obs)
394  ListCreate                                         isrt.obl(scrlist.obs)
395  ListCurrentString                                  isrt.obl(scrlist.obs)
396  ListDeleteItem                                     isrt.obl(scrlist.obs)
397  ListDeleteString                                   isrt.obl(scrlist.obs)
398  ListDestroy                                        isrt.obl(scrlist.obs)
399  ListFindString                                     isrt.obl(scrlist.obs)
400  ListGetFirstItem                                   isrt.obl(scrlist.obs)
401  ListGetFirstString                                 isrt.obl(scrlist.obs)
402  ListGetNextItem                                    isrt.obl(scrlist.obs)
403  ListGetNextString                                  isrt.obl(scrlist.obs)
404  ListGetType                                        isrt.obl(scrlist.obs)
405  ListReadFromFile                                   isrt.obl(scrlist.obs)
406  ListSetIndex                                       isrt.obl(scrlist.obs)
407  ListValid                                          isrt.obl(scrlist.obs)
408  ListValidType                                      isrt.obl(scrlist.obs)
409  LoadStringFromStringTable                          isrt.obl(Str.obs)
410  LogReadCustomString                                isrt.obl(Misc.obs)
411  LogReadCustomVariant                               isrt.obl(Misc.obs)
412  LogWriteCustomString                               isrt.obl(Misc.obs)
413  LogWriteCustomVariant                              isrt.obl(Misc.obs)
414  LongPathFromShortPath                              isrt.obl(Str.obs)
415  LongPathToQuote                                    isrt.obl(Str.obs)
416  MAKELONG                                           isrt.obl(Misc.obs)
417  MIFCreateMIFFile                                   isrt.obl(MIF.obs)
418  MIFDeleteMIFFile                                   isrt.obl(MIF.obs)
419  MIFInitialize                                      isrt.obl(MIF.obs)
420  MIFSetInformation                                  isrt.obl(MIF.obs)
421  MIFUnInitialize                                    isrt.obl(MIF.obs)
422  MIFWasSetInformationCalled                         isrt.obl(MIF.obs)
423  MIOShutdown                                        isrt.obl(MIO.obs)
424  MIOStartup                                         isrt.obl(MIO.obs)
425  MaintenanceStart                                   isrt.obl(Registry.obs)
426  MediaGetData                                       isrt.obl(Feature.obs)
427  MediaGetDataEx                                     isrt.obl(Feature.obs)
428  MessageBeep                                        isrt.obl(Misc.obs)
429  MessageBox                                         isrt.obl(ISRTScriptDialogsPriv.obs)
430  MessageBoxEx                                       isrt.obl(ISRTScriptDialogsPriv.obs)
431  OnAbort                                            ifx.obl(EventsSetup.obs)
432  OnAppSearch                                        ifx.obl(EventsSetup.obs)
433  OnBegin                                            Setup.obs
434  OnCCPSearch                                        ifx.obl(EventsSetup.obs)
435  OnCanceling                                        ifx.obl(EventsSetup.obs)
436  OnCheckMediaPassword                               ifx.obl(EventsSetup.obs)
437  OnComponentError                                   ifx.obl(EventsSetup.obs)
438  OnCustomizeUninstInfo                              ifx.obl(EventsSetup.obs)
439  OnDIFxLogCallback                                  ifx.obl(EventsSetup.obs)
440  OnDIFxLogCallbackImpl                              isrt.obl(ISDIFx.obs)
441  OnEnd                                              ifx.obl(EventsSetup.obs)
442  OnFileError                                        ifx.obl(EventsSetup.obs)
443  OnFileLocked                                       ifx.obl(EventsSetup.obs)
444  OnFileReadOnly                                     ifx.obl(EventsSetup.obs)
445  OnFilterComponents                                 ifx.obl(EventsSetup.obs)
446  OnFirstUIAfter                                     ifx.obl(EventsSetup.obs)
447  OnFirstUIBefore                                    Setup.obs
448  OnHelp                                             ifx.obl(EventsSetup.obs)
449  OnIISAppPoolUninstalling                           ifx.obl(EventsPriv.obs)
450  OnIISCheckRequirements                             ifx.obl(EventsPriv.obs)
451  OnIISComponentInstalled                            ifx.obl(EventsPriv.obs)
452  OnIISInitialize                                    ifx.obl(EventsPriv.obs)
453  OnIISUninitialize                                  ifx.obl(EventsPriv.obs)
454  OnIISVRootUninstalling                             ifx.obl(EventsPriv.obs)
455  OnIISWebServiceExtensionUninstalling               ifx.obl(EventsPriv.obs)
456  OnIISWebSiteUninstalling                           ifx.obl(EventsPriv.obs)
457  OnInstallDRMService                                isrt.obl(Activation.obs)
458  OnInstalledFile                                    ifx.obl(EventsSetup.obs)
459  OnInstalledFontFile                                ifx.obl(EventsSetup.obs)
460  OnInstallingFile                                   ifx.obl(EventsSetup.obs)
461  OnInternetError                                    ifx.obl(EventsSetup.obs)
462  OnLaunchAppAndWaitCallback                         ifx.obl(EventsSetup.obs)
463  OnMD5Error                                         ifx.obl(EventsSetup.obs)
464  OnMaintUIAfter                                     ifx.obl(EventsSetup.obs)
465  OnMaintUIBefore                                    ifx.obl(EventsSetup.obs)
466  OnMoveData                                         ifx.obl(EventsSetup.obs)
467  OnMoved                                            Setup.obs
468  OnMoving                                           ifx.obl(EventsSetup.obs)
469  OnNetApiCreateUserAccount                          ifx.obl(EventsSetup.obs)
470  OnNetApiCreateUserAccountInternal                  isrt.obl(NetApiRT.obs)
471  OnNextDisk                                         ifx.obl(EventsSetup.obs)
472  OnRebooted                                         ifx.obl(EventsSetup.obs)
473  OnRemovingSharedFile                               ifx.obl(EventsSetup.obs)
474  OnSQLBatchScripts                                  ifx.obl(EventsPriv.obs)
475  OnSQLComponentInstalled                            ifx.obl(EventsPriv.obs)
476  OnSQLComponentUninstalled                          ifx.obl(EventsPriv.obs)
477  OnSQLServerInitialize                              ifx.obl(EventsPriv.obs)
478  OnSQLServerInitializeMaint                         ifx.obl(EventsPriv.obs)
479  OnSelfRegistrationError                            ifx.obl(EventsSetup.obs)
480  OnSetTARGETDIR                                     ifx.obl(EventsSetup.obs)
481  OnSetUpdateMode                                    ifx.obl(EventsSetup.obs)
482  OnShowUI                                           ifx.obl(EventsSetup.obs)
483  OnUnInstallDRMService                              isrt.obl(Activation.obs)
484  OnUnhandledException                               ifx.obl(EventsPriv.obs)
485  OnUninstall                                        ifx.obl(EventsSetup.obs)
486  OnUninstalledFile                                  ifx.obl(EventsSetup.obs)
487  OnUninstallingDIFxDriverFile                       ifx.obl(EventsSetup.obs)
488  OnUninstallingFile                                 ifx.obl(EventsSetup.obs)
489  OnUninstallingFontFile                             ifx.obl(EventsSetup.obs)
490  OnUpdateUIAfter                                    ifx.obl(EventsSetup.obs)
491  OnUpdateUIBefore                                   ifx.obl(EventsSetup.obs)
492  OnXMLComponentInstalled                            ifx.obl(EventsPriv.obs)
493  OnXMLComponentUninstalling                         ifx.obl(EventsPriv.obs)
494  OnXMLInitialize                                    ifx.obl(EventsPriv.obs)
495  OnXMLUninitialize                                  ifx.obl(EventsPriv.obs)
496  OpenFileMode                                       isrt.obl(Files.obs)
497  ParsePath                                          isrt.obl(Str.obs)
498  Postprogram                                        ifx.obl(EventsSetupPriv.obs)
499  Preprogram                                         ifx.obl(EventsSetupPriv.obs)
500  PrintFile                                          isrt.obl(Files.obs)
501  ProgGetGroupType                                   isrt.obl(Shell.obs)
502  PthFixPath                                         isrt.obl(Pth.obs)
503  PthIsAbsPath                                       isrt.obl(Pth.obs)
504  ReadProperties                                     ifx.obl(PersistPropertyBag.obs)
505  Rebooted                                           isrt.obl(Driver.obs)
506  RegDBDeleteItem                                    isrt.obl(Registry.obs)
507  RegDBDeleteValue                                   isrt.obl(Registry.obs)
508  RegDBDeleteValueEx                                 isrt.obl(Registry.obs)
509  RegDBDeleteValueEx32                               isrt.obl(Registry.obs)
510  RegDBGetDefaultRoot                                isrt.obl(SysVars.obs)
511  RegDBGetItem                                       isrt.obl(Registry.obs)
512  RegDBGetKeyValueEx                                 isrt.obl(Registry.obs)
513  RegDBKeyExist                                      isrt.obl(Registry.obs)
514  RegDBQueryKey                                      isrt.obl(Registry.obs)
515  RegDBQueryKeyCount                                 isrt.obl(Registry.obs)
516  RegDBQueryStringMultiStringCount                   isrt.obl(Registry.obs)
517  RegDBQueryValue                                    isrt.obl(Registry.obs)
518  RegDBQueryValue32                                  isrt.obl(Registry.obs)
519  RegDBSetDefaultRoot                                isrt.obl(SysVars.obs)
520  RegDBSetItem                                       isrt.obl(Registry.obs)
521  RegDBSetKeyValueEx                                 isrt.obl(Registry.obs)
522  RegDBSetValue                                      isrt.obl(Registry.obs)
523  RegDBSetValue32                                    isrt.obl(Registry.obs)
524  RegDBSetVersion                                    isrt.obl(Registry.obs)
525  RegisterFontResource                               isrt.obl(Misc.obs)
526  ReleaseDialog                                      isrt.obl(CustomDialog.obs)
527  SdCloseDlg                                         isrt.obl(SDINT.obs)
528  SdComponentDlgCheckSpace                           isrt.obl(SDINT.obs)
529  SdDlgToTop                                         isrt.obl(SDINT.obs)
530  SdDoStdButton                                      isrt.obl(SDINT.obs)
531  SdEnablement                                       isrt.obl(SDINT.obs)
532  SdError                                            isrt.obl(SDINT.obs)
533  SdExceptionsInit                                   isrt.obl(ISRTScriptDialogsPriv.obs)
534  SdFeatureTree                                      isrt.obl(ISRTScriptDialogs.obs)
535  SdFinish                                           isrt.obl(ISRTScriptDialogs.obs)
536  SdFinishReboot                                     isrt.obl(ISRTScriptDialogs.obs)
537  SdGeneralInit                                      isrt.obl(SDINT.obs)
538  SdInit                                             isrt.obl(SDINT.obs)
539  SdIsStdButton                                      isrt.obl(SDINT.obs)
540  SdLicense                                          isrt.obl(ISRTScriptDialogs.obs)
541  SdLicenseEx                                        isrt.obl(ISRTScriptDialogs.obs)
542  SdLoadString                                       isrt.obl(SDINT.obs)
543  SdMakeName                                         isrt.obl(SDINT.obs)
544  SdPlugInProductName                                isrt.obl(SDINT.obs)
545  SdSetDlgTitle                                      isrt.obl(SDINT.obs)
546  SdSetStatic                                        isrt.obl(SDINT.obs)
547  SdShowMsg                                          isrt.obl(ISRTScriptDialogsPriv.obs)
548  SdSubstituteProductInfo                            isrt.obl(SDINT.obs)
549  SdUnInit                                           isrt.obl(SDINT.obs)
550  SdWelcome                                          isrt.obl(ISRTScriptDialogs.obs)
551  SdWelcomeMaint                                     isrt.obl(ISRTScriptDialogs.obs)
552  SelectDir                                          isrt.obl(ISRTScriptDialogsPriv.obs)
553  SelectDirNoLog                                     isrt.obl(ISRTScriptDialogsPriv.obs)
554  SendMessage                                        isrt.obl(Misc.obs)
555  ServiceInitParams                                  isrt.obl(Service.obs)
556  SetCmdLine                                         isrt.obl(SysVars.obs)
557  SetDialogTitle                                     isrt.obl(Dialogs.obs)
558  SetDisplayEffect                                   isrt.obl(ui.obs)
559  SetExtendedErrInfo                                 isrt.obl(IsUtil.obs)
560  SetStatus                                          ifx.obl(EventsSetupPriv.obs)
561  SetStatusEx                                        ifx.obl(EventsSetupPriv.obs)
562  SetStatusExStaticText                              isrt.obl(ui.obs)
563  SetStatusWindow                                    isrt.obl(ui.obs)
564  SetTitle                                           isrt.obl(ui.obs)
565  SetupTraceWrite                                    isrt.obl(Misc.obs)
566  Shell32.ShellExecuteEx                             Setup.obs
567  ShowObjWizardPages                                 isrt.obl(Objects.obs)
568  ShowWizardPages                                    isrt.obl(Driver.obs)
569  SilentCreateFile                                   isrt.obl(Silent.obs)
570  SilentDoGeneralInfo                                isrt.obl(Silent.obs)
571  SilentFailed                                       isrt.obl(Silent.obs)
572  SilentFinish                                       isrt.obl(Silent.obs)
573  SilentInit                                         isrt.obl(Silent.obs)
574  SilentLogWriteData                                 isrt.obl(Silent.obs)
575  SilentReadData                                     isrt.obl(Silent.obs)
576  SilentSetInfo                                      isrt.obl(Silent.obs)
577  SilentSetMode                                      isrt.obl(Silent.obs)
578  SilentWriteData                                    isrt.obl(Silent.obs)
579  Sprintf                                            isrt.obl(Str.obs)
580  SprintfBox                                         isrt.obl(ISRTScriptDialogsPriv.obs)
581  StatusUpdate                                       isrt.obl(ui.obs)
582  StrAddLastSlash                                    isrt.obl(Str.obs)
583  StrConvertSizeUnit                                 isrt.obl(Str.obs)
584  StrFindEx                                          isrt.obl(Str.obs)
585  StrGetTokens                                       isrt.obl(Str.obs)
586  StrLength                                          isrt.obl(Str.obs)
587  StrRemoveLastSlash                                 isrt.obl(Str.obs)
588  StrReplace                                         isrt.obl(Str.obs)
589  StrToNumHex                                        isrt.obl(Str.obs)
590  StrToUpper                                         isrt.obl(Str.obs)
591  StrTrim                                            isrt.obl(Str.obs)
592  SysVarsInit                                        isrt.obl(SysVars.obs)
593  SysVarsTrace                                       isrt.obl(SysVars.obs)
594  SysVarsUnInit                                      isrt.obl(SysVars.obs)
595  System                                             isrt.obl(Misc.obs)
596  SystemRestoreCancelRestorePointIS                  isrt.obl(PCRestore.obs)
597  SystemRestoreCloseRestorePointIS                   isrt.obl(PCRestore.obs)
598  SystemRestoreDisableIS                             isrt.obl(PCRestore.obs)
599  SystemRestoreIsEnabledIS                           isrt.obl(PCRestore.obs)
600  SystemRestoreOpenRestorePointIS                    isrt.obl(PCRestore.obs)
601  TextSubGetValue                                    isrt.obl(TextSub.obs)
602  TextSubParseTextSub                                isrt.obl(TextSub.obs)
603  TextSubSetValue                                    isrt.obl(TextSub.obs)
604  TextSubSubstitute                                  isrt.obl(TextSub.obs)
605  TreeViewCreate                                     isrt.obl(CmptView.obs)
606  USER.EnableWindow                                  Setup.obs
607  USER.GetClassName                                  Setup.obs
608  USER.GetDC                                         Setup.obs
609  USER.GetDlgItem                                    Setup.obs
610  USER.GetFocus                                      Setup.obs
611  USER.GetWindowLong                                 Setup.obs
612  USER.GetWindowRect                                 Setup.obs
613  USER.IsIconic                                      Setup.obs
614  USER.IsWindow                                      Setup.obs
615  USER.PostMessage                                   Setup.obs
616  USER.ReleaseDC                                     Setup.obs
617  USER.SendMessageA                                  Setup.obs
618  USER.SetFocus                                      Setup.obs
619  USER.SetWindowPos                                  Setup.obs
620  USER.SetWindowText                                 Setup.obs
621  USER.ShowWindow                                    Setup.obs
622  USER32.CharUpperBuffA                              Setup.obs
623  USER32.DispatchMessage                             Setup.obs
624  USER32.GetDesktopWindow                            Setup.obs
625  USER32.GetSystemMetrics                            Setup.obs
626  USER32.GetWindowText                               Setup.obs
627  USER32.GetWindowTextLength                         Setup.obs
628  USER32.IsWindowVisible                             Setup.obs
629  USER32.MessageBoxA                                 Setup.obs
630  USER32.MsgWaitForMultipleObjects                   Setup.obs
631  USER32.PeekMessageA                                Setup.obs
632  USER32.SendMessageA                                Setup.obs
633  USER32.SetForegroundWindow                         Setup.obs
634  USER32.SetWindowLong                               Setup.obs
635  USER32.SetWindowRgn                                Setup.obs
636  USER32.TranslateMessage                            Setup.obs
637  USER32.WaitForInputIdle                            Setup.obs
638  UpdateServiceEnableUpdateService                   isrt.obl(ISUpdateService.obs)
639  VarInit                                            isrt.obl(SysVars.obs)
640  VarRestore                                         isrt.obl(SysVars.obs)
641  VarRestoreISRT                                     isrt.obl(SysVars.obs)
642  VarSave                                            isrt.obl(SysVars.obs)
643  VarSaveISRT                                        isrt.obl(SysVars.obs)
644  VerCompare                                         isrt.obl(version.obs)
645  VerProductCompareVersions                          isrt.obl(version.obs)
646  VerProductGetInstalledVersion                      isrt.obl(version.obs)
647  VerProductIsVersionSupported                       isrt.obl(version.obs)
648  VerProductNumToStr                                 isrt.obl(version.obs)
649  VerProductStrToNum                                 isrt.obl(version.obs)
650  VerProductVerFromVerParts                          isrt.obl(version.obs)
651  VerProductVerPartsFromVer                          isrt.obl(version.obs)
652  WaitForApplication                                 isrt.obl(Extend.obs)
653  WaitOnDialog                                       isrt.obl(CustomDialog.obs)
654  WizardDirection                                    ifx.obl(EventsSetupPriv.obs)
655  WriteLine                                          isrt.obl(Files.obs)
656  WriteProfInt                                       isrt.obl(Profile.obs)
657  WriteProfString                                    isrt.obl(Profile.obs)
658  WriteProperties                                    ifx.obl(PersistPropertyBag.obs)
659  _WinSubFocusControl                                isrt.obl(WINSUB.obs)
660  _WinSubFocusWindow                                 isrt.obl(WINSUB.obs)
661  _WinSubGetChildWindow                              isrt.obl(WINSUB.obs)
662  _WinSubIsWindow                                    isrt.obl(WINSUB.obs)
663  __ISRTDoExit                                       isrt.obl(Misc.obs)
664  __ISRTInit                                         isrt.obl(ISRTInit.obs)
665  __ISRTRestoreMainLog                               isrt.obl(ISRTInit.obs)
666  __ISRTRestoreMainLogEx                             isrt.obl(ISRTInit.obs)
667  __ISRTSetComponentLog                              isrt.obl(ISRTInit.obs)
668  __ISRTUnInit                                       isrt.obl(ISRTInit.obs)
669  __LoadIScriptString                                isrt.obl(LoadStr.obs)
670  program                                            ifx.obl(EventsSetupPriv.obs)
671  sfc.SRSetRestorePoint                              Setup.obs


***** External Variables *****
1    ADDREMOVE                                          isrt.obl(DebugSymbols.obs)
2    ADDREMOVE_COMBINEDBUTTON                           Setup.obs
3    ADDREMOVE_HIDECHANGEOPTION                         Setup.obs
4    ADDREMOVE_HIDEREMOVEOPTION                         Setup.obs
5    ADDREMOVE_HIDEREPAIROPTION                         Setup.obs
6    ADDREMOVE_STRING_REMOVEONLY                        Setup.obs
7    ADDREMOVE_SYSTEMCOMPONENT                          Setup.obs
8    ADMINUSER                                          Setup.obs
9    ALLUSERS                                           Setup.obs
10   BASICMSI                                           isrt.obl(DebugSymbols.obs)
11   BATCH_INSTALL                                      Setup.obs
12   CMDLINE                                            isrt.obl(DebugSymbols.obs)
13   COMMONFILES                                        isrt.obl(DebugSymbols.obs)
14   COMMONFILES64                                      isrt.obl(DebugSymbols.obs)
15   DISABLE_ALLUSERBTN                                 Setup.obs
16   DISABLE_PERUSERBTN                                 Setup.obs
17   DISK1SETUPEXENAME                                  isrt.obl(DebugSymbols.obs)
18   DISK1TARGET                                        Setup.obs
19   ENABLED_ISERVICES                                  isrt.obl(DebugSymbols.obs)
20   ENGINECOMMONDIR                                    isrt.obl(DebugSymbols.obs)
21   ENGINEDIR                                          isrt.obl(DebugSymbols.obs)
22   ERRORFILENAME                                      Setup.obs
23   Err                                                Setup.obs
24   FILETIME                                           Setup.obs
25   FIND_DATA                                          Setup.obs
26   FOLDER_APPDATA                                     isrt.obl(DebugSymbols.obs)
27   FOLDER_COMMON_APPDATA                              isrt.obl(DebugSymbols.obs)
28   FOLDER_DESKTOP                                     isrt.obl(DebugSymbols.obs)
29   FOLDER_DOTNET_10                                   isrt.obl(DebugSymbols.obs)
30   FOLDER_DOTNET_11                                   isrt.obl(DebugSymbols.obs)
31   FOLDER_DOTNET_20                                   isrt.obl(DebugSymbols.obs)
32   FOLDER_DOTNET_30                                   isrt.obl(DebugSymbols.obs)
33   FOLDER_DOTNET_35                                   isrt.obl(DebugSymbols.obs)
34   FOLDER_FONTS                                       isrt.obl(DebugSymbols.obs)
35   FOLDER_LOCAL_APPDATA                               isrt.obl(DebugSymbols.obs)
36   FOLDER_PERSONAL                                    isrt.obl(DebugSymbols.obs)
37   FOLDER_PROGRAMS                                    isrt.obl(DebugSymbols.obs)
38   FOLDER_STARTMENU                                   isrt.obl(DebugSymbols.obs)
39   FOLDER_STARTUP                                     isrt.obl(DebugSymbols.obs)
40   FOLDER_TEMP                                        isrt.obl(DebugSymbols.obs)
41   FileRegistrar                                      Setup.obs
42   HIDE_DISABLED_BTNS                                 Setup.obs
43   HKEYCURRENTROOTKEY                                 Setup.obs
44   IFX_COMPANY_NAME                                   Setup.obs
45   IFX_DISK1INSTALLED                                 Setup.obs
46   IFX_INITIALIZED                                    Setup.obs
47   IFX_INSTALLED_DISPLAY_VERSION                      Setup.obs
48   IFX_INSTALLED_VERSION                              Setup.obs
49   IFX_KEYPATH_PRODUCT_INFO                           Setup.obs
50   IFX_MULTI_INSTANCE_SUFFIX                          Setup.obs
51   IFX_OPEN_RESTORE_POINT                             isrt.obl(PCRestore.obs)
52   IFX_PRODUCT_COMMENTS                               Setup.obs
53   IFX_PRODUCT_DISPLAY_NAME                           Setup.obs
54   IFX_PRODUCT_DISPLAY_VERSION                        Setup.obs
55   IFX_PRODUCT_ICON                                   Setup.obs
56   IFX_PRODUCT_KEY                                    Setup.obs
57   IFX_PRODUCT_NAME                                   Setup.obs
58   IFX_PRODUCT_README                                 Setup.obs
59   IFX_PRODUCT_REGISTEREDCOMPANY                      Setup.obs
60   IFX_PRODUCT_REGISTEREDOWNER                        Setup.obs
61   IFX_PRODUCT_REGISTEREDSERIALNUM                    Setup.obs
62   IFX_PRODUCT_SUPPORT_CONTACT                        Setup.obs
63   IFX_PRODUCT_SUPPORT_PHONE                          Setup.obs
64   IFX_PRODUCT_SUPPORT_URL                            Setup.obs
65   IFX_PRODUCT_UPDATE_URL                             Setup.obs
66   IFX_PRODUCT_URL                                    Setup.obs
67   IFX_PRODUCT_VERSION                                Setup.obs
68   IFX_RESTORE_DISABLED                               isrt.obl(PCRestore.obs)
69   IFX_SETUP_TITLE                                    Setup.obs
70   IFX_SUPPORTED_VERSIONS                             Setup.obs
71   IISROOTFOLDER                                      isrt.obl(DebugSymbols.obs)
72   INSTALLSCRIPTMSI                                   isrt.obl(DebugSymbols.obs)
73   INSTALLSCRIPTMSIEEUI                               isrt.obl(DebugSymbols.obs)
74   INSTANCE_GUID                                      isrt.obl(DebugSymbols.obs)
75   ISDIFXAPPID                                        Setup.obs
76   ISRES                                              isrt.obl(DebugSymbols.obs)
77   ISUSER                                             isrt.obl(DebugSymbols.obs)
78   ISUTIL_FUNCTION_ACTUAL_ERROR                       Setup.obs
79   ISUTIL_LINE_NUMBER                                 Setup.obs
80   ISUTIL_SCRIPT_FILE                                 Setup.obs
81   ISVERSION                                          isrt.obl(DebugSymbols.obs)
82   IS_NULLSTR_PTR                                     Setup.obs
83   InetSRCDIR                                         Setup.obs
84   LAAW_PARAMETERS                                    Setup.obs
85   LAAW_PROCESS_INFORMATION                           Setup.obs
86   LAAW_SHELLEXECUTEINFO                              Setup.obs
87   LAAW_SHELLEXECUTEVERB                              Setup.obs
88   LAAW_STARTUPINFO                                   Setup.obs
89   LAST_RESULT                                        Setup.obs
90   LogDB                                              Setup.obs
91   MAINTENANCE                                        isrt.obl(DebugSymbols.obs)
92   MAINT_OPTION                                       isrt.obl(DebugSymbols.obs)
93   MEDIA                                              Setup.obs
94   MEDIA_INFO                                         isrt.obl(Feature.obs)
95   MODE                                               Setup.obs
96   MSG                                                Setup.obs
97   MULTI_INSTANCE_COUNT                               isrt.obl(DebugSymbols.obs)
98   MainWindow                                         Setup.obs
99   NOTHING                                            Setup.obs
100  OSINFO_PLATFORM_INFO                               Setup.obs
101  OSINFO_PROCESSOR_INFO                              Setup.obs
102  OSVERSIONINFO                                      Setup.obs
103  OSVERSIONINFOEX                                    Setup.obs
104  Objects                                            Setup.obs
105  PACKAGE_LOCATION                                   isrt.obl(DebugSymbols.obs)
106  POINT                                              Setup.obs
107  PRIVILEGED                                         Setup.obs
108  PROCESS_INFORMATION                                Setup.obs
109  PRODUCT_GUID                                       isrt.obl(DebugSymbols.obs)
110  PROGRAMFILES                                       isrt.obl(DebugSymbols.obs)
111  PROGRAMFILES64                                     isrt.obl(DebugSymbols.obs)
112  RECT                                               Setup.obs
113  REGDB_OPTIONS                                      Setup.obs
114  REINSTALLMODE                                      isrt.obl(DebugSymbols.obs)
115  REMOVEALLMODE                                      isrt.obl(DebugSymbols.obs)
116  REMOVEONLY                                         isrt.obl(DebugSymbols.obs)
117  RUN_ONCE_PROGRAM                                   isrt.obl(DebugSymbols.obs)
118  Reboot                                             Setup.obs
119  SELECTED_LANGUAGE                                  isrt.obl(DebugSymbols.obs)
120  SERVICE_IS_PARAMS                                  Setup.obs
121  SETUPTYPE_STR_COMPACT                              Setup.obs
122  SETUPTYPE_STR_COMPLETE                             Setup.obs
123  SETUPTYPE_STR_CUSTOM                               Setup.obs
124  SETUPTYPE_STR_TYPICAL                              Setup.obs
125  SHAREDSUPPORTDIR                                   isrt.obl(DebugSymbols.obs)
126  SHELLEXECUTEINFO                                   Setup.obs
127  SHELL_OBJECT_FOLDER                                Setup.obs
128  SHOW_PASSWORD_DIALOG                               isrt.obl(DebugSymbols.obs)
129  SRCDIR                                             Setup.obs
130  SRCDISK                                            isrt.obl(DebugSymbols.obs)
131  STANDARD_SELECTED_LANGUAGE                         isrt.obl(DebugSymbols.obs)
132  STARTUPINFO                                        Setup.obs
133  SUPPORTDIR                                         isrt.obl(DebugSymbols.obs)
134  SYSINFO                                            Setup.obs
135  SYSPROCESSORINFO                                   Setup.obs
136  SYSTEMTIME                                         Setup.obs
137  SetupInfo                                          Setup.obs
138  StatusDlg                                          Setup.obs
139  TARGETDIR                                          Setup.obs
140  TARGETDISK                                         isrt.obl(DebugSymbols.obs)
141  TextSub                                            Setup.obs
142  UNINST                                             Setup.obs
143  UNINSTALLKEY                                       Setup.obs
144  UNINSTALL_DISPLAYNAME                              Setup.obs
145  UNINSTALL_STRING                                   Setup.obs
146  UPDATEMODE                                         Setup.obs
147  WINDIR                                             isrt.obl(DebugSymbols.obs)
148  WINDISK                                            isrt.obl(DebugSymbols.obs)
149  WINSYSDIR                                          isrt.obl(DebugSymbols.obs)
150  WINSYSDIR64                                        isrt.obl(DebugSymbols.obs)
151  WINSYSDISK                                         isrt.obl(DebugSymbols.obs)
152  _FONTFILEINFO                                      Setup.obs
153  _INT64                                             Setup.obs
154  _ISDIFXINSTALLERINFO                               isrt.obl(ISDIFx.obs)
155  _LAAW_PARAMETERS                                   Setup.obs
156  _LAAW_TEMP_DATA                                    isrt.obl(Extend.obs)
157  _RESTOREPOINTINFO                                  Setup.obs
158  _SERVICE_IS_PARAMS                                 Setup.obs
159  _STATEMGRSTATUS                                    Setup.obs
160  _WIN9X                                             Setup.obs
161  _WINNT                                             Setup.obs
162  __hContext                                         Setup.obs
163  __objGlobalTextSub                                 Setup.obs
164  __szGUID                                           Setup.obs
165  bBackButton                                        Setup.obs
166  bCancelButton                                      Setup.obs
167  bEnterDiskBeep                                     Setup.obs
168  bFinishButton                                      Setup.obs
169  bIFXLFNoToAll                                      Setup.obs
170  bIFXLFOnRebootToAll                                Setup.obs
171  bIFXLFYesToAll                                     Setup.obs
172  bIFXMD5IgnoreToAll                                 Setup.obs
173  bIFXRONoToAll                                      Setup.obs
174  bIFXROYesToAll                                     Setup.obs
175  bIFXSFNoToAll                                      Setup.obs
176  bIFXSFYesToAll                                     Setup.obs
177  bInstall16                                         Setup.obs
178  bNextButton                                        Setup.obs
179  bSdInit                                            Setup.obs
180  bViewCmptKunits                                    Setup.obs
181  bViewCmptUseDecimal                                Setup.obs
182  g_bSuppressMissingStringWarning                    isrt.obl(Enable.obs)
183  nDlgEnterPassword                                  Setup.obs
184  nDlgMessageBox                                     Setup.obs
185  nDlgSelectDir                                      Setup.obs
186  nDlgSprintfBox                                     Setup.obs
187  nSdComponentTree                                   Setup.obs
188  nSdFinish                                          Setup.obs
189  nSdFinishReboot                                    Setup.obs
190  nSdLicense                                         Setup.obs
191  nSdLicenseRtf                                      Setup.obs
192  nSdWelcome                                         Setup.obs
193  nSdWelcomeMaint                                    Setup.obs
194  szAppKey                                           Setup.obs
195  szSdProduct                                        Setup.obs
196  szSdStr_NotEnoughSpace                             Setup.obs
